<?xml version="1.0" encoding="utf-8"?><testsuites name="pytest tests"><testsuite name="pytest" errors="0" failures="0" skipped="0" tests="27" time="1.792" timestamp="2026-08-31T15:30:38.523824+00:00" hostname="8fdc81b4c352"><testcase classname="tests.test_users" name="test_user_response_schema" time="0.124" /><testcase classname="tests.test_posts" name="test_delete_post" time="0.200" /><testcase classname="tests.test_posts" name="test_create_post" time="0.365" /><testcase classname="tests.test_users" name="test_get_user_response_is_json" time="0.137" /><testcase classname="tests.test_users" name="test_get_multiple_users[5]" time="0.135" /><testcase classname="tests.test_users" name="test_get_multiple_users[3]" time="0.121" /><testcase classname="tests.test_users" name="test_get_multiple_users[1]" time="0.123" /><testcase classname="tests.test_posts" name="test_update_post" time="0.377" /><testcase classname="tests.test_users" name="test_get_multiple_users[4]" time="0.302" /><testcase classname="tests.test_users" name="test_user_json_schema" time="0.086" /><testcase classname="tests.test_users" name="test_get_multiple_users[2]" time="0.096" /><testcase classname="tests.test_users" name="test_get_user_response_time" time="0.106" /><testcase classname="tests.test_users" name="test_user_has_required_fields" time="0.113" /><testcase classname="tests.test_posts" name="test_delete_post_does_not_remove_resource_from_jsonplaceholder" time="0.202" /><testcase classname="tests.test_users" name="test_create_post_with_json_header" time="0.174" /><testcase classname="tests.test_users" name="test_get_user_authorization_header" time="0.297" /><testcase classname="tests.test_users" name="test_get_posts_by_user_id" time="0.126" /><testcase classname="tests.test_users" name="test_get_posts_for_nonexistent_user" time="0.304" /><testcase classname="tests.test_posts" name="test_create_post_with_empty_title" time="0.274" /><testcase classname="tests.test_users" name="test_create_post_response" time="0.150" /><testcase classname="tests.test_posts" name="test_patch_post" time="0.147" /><testcase classname="tests.test_users" name="test_get_invalid_user[-1]" time="0.320" /><testcase classname="tests.test_users" name="test_get_invalid_user[0]" time="0.295" /><testcase classname="tests.test_users" name="test_get_user_content_type" time="0.080" /><testcase classname="tests.test_users" name="test_get_invalid_user[9999]" time="0.303" /><testcase classname="tests.test_users" name="test_patch_only_updates_title" time="0.162" /><testcase classname="tests.test_users" name="test_put_replaces_post" time="0.355" /></testsuite></testsuites>